../Core/Src/NRF24L01.c:23:6:delay_us	24	static
../Core/Src/NRF24L01.c:34:6:NRF24L01_Init	8	static
../Core/Src/NRF24L01.c:44:15:nRF24_SPI_Send_Byte	32	static
../Core/Src/NRF24L01.c:53:15:NRF24L01_Write_Reg	24	static
../Core/Src/NRF24L01.c:63:15:NRF24L01_Read_Reg	24	static
../Core/Src/NRF24L01.c:75:15:NRF24L01_Read_Buf	24	static
../Core/Src/NRF24L01.c:88:15:NRF24L01_Write_Buf	24	static
../Core/Src/NRF24L01.c:101:15:NRF24L01_TxPacket	24	static
../Core/Src/NRF24L01.c:128:15:NRF24L01_RxPacket	24	static
../Core/Src/NRF24L01.c:150:6:RX_Mode	8	static
../Core/Src/NRF24L01.c:177:6:TX_Mode	8	static
../Core/Src/NRF24L01.c:204:15:NRF24L01_Check	24	static
